ERC report (2026-03-04T10:10:22+0000, Encoding UTF8)

***** Sheet /
[footprint_link_issues]: The current configuration does not include the footprint library 'SamacSys_Parts'.
    ; warning
    @(0.4953 mm, 0.4064 mm): Symbol J25 [KLDX-0202-A-LT]

[lib_symbol_issues]: The current configuration does not include the symbol library 'SamacSys_Parts'
    ; warning
    @(0.4953 mm, 0.4064 mm): Symbol J25 [KLDX-0202-A-LT]

[footprint_link_issues]: The current configuration does not include the footprint library 'SamacSys_Parts'.
    ; warning
    @(0.762 mm, 0.7239 mm): Symbol J13 [FCR7350R]

[lib_symbol_issues]: The current configuration does not include the symbol library 'SamacSys_Parts'
    ; warning
    @(0.762 mm, 0.7239 mm): Symbol J13 [FCR7350R]

[footprint_link_issues]: The current configuration does not include the footprint library 'SamacSys_Parts'.
    ; warning
    @(0.762 mm, 0.9017 mm): Symbol J14 [FCR7350B]

[lib_symbol_issues]: The current configuration does not include the symbol library 'SamacSys_Parts'
    ; warning
    @(0.762 mm, 0.9017 mm): Symbol J14 [FCR7350B]

[footprint_link_issues]: The current configuration does not include the footprint library 'SamacSys_Parts'.
    ; warning
    @(1.5494 mm, 1.27 mm): Symbol SW1 [SW_Rotary_1x12]

[lib_symbol_issues]: The current configuration does not include the symbol library 'SamacSys_Parts'
    ; warning
    @(1.5494 mm, 1.27 mm): Symbol SW1 [SW_Rotary_1x12]

[footprint_link_issues]: The current configuration does not include the footprint library 'SamacSys_Parts'.
    ; warning
    @(2.0574 mm, 0.4318 mm): Symbol J11 [L17HTHES4R1C]

[lib_symbol_issues]: The current configuration does not include the symbol library 'SamacSys_Parts'
    ; warning
    @(2.0574 mm, 0.4318 mm): Symbol J11 [L17HTHES4R1C]

[footprint_link_issues]: The current configuration does not include the footprint library 'SamacSys_Parts'.
    ; warning
    @(2.2479 mm, 0.8128 mm): Symbol J15 [DE09-SL-24]

[lib_symbol_issues]: The current configuration does not include the symbol library 'SamacSys_Parts'
    ; warning
    @(2.2479 mm, 0.8128 mm): Symbol J15 [DE09-SL-24]

[lib_symbol_mismatch]: Symbol 'IRLML2060' doesn't match copy in library 'Transistor_FET'
    ; warning
    @(1.2319 mm, 0.5715 mm): Symbol Q4 [IRLML2060]

[lib_symbol_mismatch]: Symbol 'IRLML2060' doesn't match copy in library 'Transistor_FET'
    ; warning
    @(1.524 mm, 0.8128 mm): Symbol Q22 [IRLML2060]

[lib_symbol_mismatch]: Symbol 'IRLML2060' doesn't match copy in library 'Transistor_FET'
    ; warning
    @(1.7145 mm, 0.5715 mm): Symbol Q13 [IRLML2060]

[footprint_link_issues]: The current configuration does not include the footprint library 'SamacSys_Parts'.
    ; warning
    @(1.3843 mm, 1.2827 mm): Symbol IC1 [MAX232EIDR]

[lib_symbol_issues]: The current configuration does not include the symbol library 'SamacSys_Parts'
    ; warning
    @(1.3843 mm, 1.2827 mm): Symbol IC1 [MAX232EIDR]

[lib_symbol_mismatch]: Symbol 'IRLML2060' doesn't match copy in library 'Transistor_FET'
    ; warning
    @(0.635 mm, 0.5461 mm): Symbol Q28 [IRLML2060]

[footprint_link_issues]: The current configuration does not include the footprint library 'SamacSys_Parts'.
    ; warning
    @(0.8382 mm, 0.5842 mm): Symbol Q27 [DMP6185SEQ-13]

[lib_symbol_issues]: The current configuration does not include the symbol library 'SamacSys_Parts'
    ; warning
    @(0.8382 mm, 0.5842 mm): Symbol Q27 [DMP6185SEQ-13]

[lib_symbol_mismatch]: Symbol 'IRLML2060' doesn't match copy in library 'Transistor_FET'
    ; warning
    @(0.635 mm, 0.8128 mm): Symbol Q29 [IRLML2060]

[footprint_link_issues]: The current configuration does not include the footprint library 'SamacSys_Parts'.
    ; warning
    @(0.8382 mm, 0.8636 mm): Symbol Q30 [DMP6185SEQ-13]

[lib_symbol_issues]: The current configuration does not include the symbol library 'SamacSys_Parts'
    ; warning
    @(0.8382 mm, 0.8636 mm): Symbol Q30 [DMP6185SEQ-13]

[lib_symbol_mismatch]: Symbol 'IRLML2060' doesn't match copy in library 'Transistor_FET'
    ; warning
    @(0.6477 mm, 1.1049 mm): Symbol Q31 [IRLML2060]

[footprint_link_issues]: The current configuration does not include the footprint library 'SamacSys_Parts'.
    ; warning
    @(0.8509 mm, 1.143 mm): Symbol Q32 [DMP6185SEQ-13]

[lib_symbol_issues]: The current configuration does not include the symbol library 'SamacSys_Parts'
    ; warning
    @(0.8509 mm, 1.143 mm): Symbol Q32 [DMP6185SEQ-13]

[lib_symbol_mismatch]: Symbol 'IRLML2060' doesn't match copy in library 'Transistor_FET'
    ; warning
    @(0.635 mm, 1.3716 mm): Symbol Q33 [IRLML2060]

[footprint_link_issues]: The current configuration does not include the footprint library 'SamacSys_Parts'.
    ; warning
    @(0.8509 mm, 1.4097 mm): Symbol Q34 [DMP6185SEQ-13]

[lib_symbol_issues]: The current configuration does not include the symbol library 'SamacSys_Parts'
    ; warning
    @(0.8509 mm, 1.4097 mm): Symbol Q34 [DMP6185SEQ-13]

[lib_symbol_mismatch]: Symbol 'IRLML2060' doesn't match copy in library 'Transistor_FET'
    ; warning
    @(1.651 mm, 0.5334 mm): Symbol Q12 [IRLML2060]

[lib_symbol_mismatch]: Symbol 'IRLML2060' doesn't match copy in library 'Transistor_FET'
    ; warning
    @(1.651 mm, 0.7366 mm): Symbol Q11 [IRLML2060]

[lib_symbol_mismatch]: Symbol 'IRLML2060' doesn't match copy in library 'Transistor_FET'
    ; warning
    @(1.651 mm, 0.9525 mm): Symbol Q9 [IRLML2060]

[footprint_link_issues]: The current configuration does not include the footprint library 'SamacSys_Parts'.
    ; warning
    @(0.508 mm, 1.9177 mm): Symbol K11 [VOR1003M4T]

[lib_symbol_issues]: The current configuration does not include the symbol library 'SamacSys_Parts'
    ; warning
    @(0.508 mm, 1.9177 mm): Symbol K11 [VOR1003M4T]

[lib_symbol_mismatch]: Symbol 'IRLML2060' doesn't match copy in library 'Transistor_FET'
    ; warning
    @(1.651 mm, 1.1684 mm): Symbol Q10 [IRLML2060]

[footprint_link_issues]: The current configuration does not include the footprint library 'SamacSys_Parts'.
    ; warning
    @(0.6858 mm, 1.9177 mm): Symbol K12 [VOR1003M4T]

[lib_symbol_issues]: The current configuration does not include the symbol library 'SamacSys_Parts'
    ; warning
    @(0.6858 mm, 1.9177 mm): Symbol K12 [VOR1003M4T]

[footprint_link_issues]: The current configuration does not include the footprint library 'SamacSys_Parts'.
    ; warning
    @(0.889 mm, 1.9177 mm): Symbol K13 [VOR1003M4T]

[lib_symbol_issues]: The current configuration does not include the symbol library 'SamacSys_Parts'
    ; warning
    @(0.889 mm, 1.9177 mm): Symbol K13 [VOR1003M4T]

[lib_symbol_mismatch]: Symbol 'IRLML2060' doesn't match copy in library 'Transistor_FET'
    ; warning
    @(2.0574 mm, 0.5334 mm): Symbol Q17 [IRLML2060]

[lib_symbol_mismatch]: Symbol 'IRLML2060' doesn't match copy in library 'Transistor_FET'
    ; warning
    @(1.651 mm, 1.3716 mm): Symbol Q16 [IRLML2060]

[lib_symbol_mismatch]: Symbol 'IRLML2060' doesn't match copy in library 'Transistor_FET'
    ; warning
    @(2.0574 mm, 0.7493 mm): Symbol Q14 [IRLML2060]

[footprint_link_issues]: The current configuration does not include the footprint library 'SamacSys_Parts'.
    ; warning
    @(1.0922 mm, 1.9177 mm): Symbol K14 [VOR1003M4T]

[lib_symbol_issues]: The current configuration does not include the symbol library 'SamacSys_Parts'
    ; warning
    @(1.0922 mm, 1.9177 mm): Symbol K14 [VOR1003M4T]

[lib_symbol_mismatch]: Symbol 'IRLML2060' doesn't match copy in library 'Transistor_FET'
    ; warning
    @(2.0574 mm, 0.9652 mm): Symbol Q15 [IRLML2060]

[footprint_link_issues]: The current configuration does not include the footprint library 'SamacSys_Parts'.
    ; warning
    @(1.2827 mm, 1.9177 mm): Symbol K15 [VOR1003M4T]

[lib_symbol_issues]: The current configuration does not include the symbol library 'SamacSys_Parts'
    ; warning
    @(1.2827 mm, 1.9177 mm): Symbol K15 [VOR1003M4T]

[lib_symbol_mismatch]: Symbol 'IRLML2060' doesn't match copy in library 'Transistor_FET'
    ; warning
    @(2.0574 mm, 1.1684 mm): Symbol Q24 [IRLML2060]

[footprint_link_issues]: The current configuration does not include the footprint library 'SamacSys_Parts'.
    ; warning
    @(1.4605 mm, 1.9177 mm): Symbol K16 [VOR1003M4T]

[lib_symbol_issues]: The current configuration does not include the symbol library 'SamacSys_Parts'
    ; warning
    @(1.4605 mm, 1.9177 mm): Symbol K16 [VOR1003M4T]

[lib_symbol_mismatch]: Symbol 'IRLML2060' doesn't match copy in library 'Transistor_FET'
    ; warning
    @(2.0574 mm, 1.3589 mm): Symbol Q23 [IRLML2060]

[footprint_link_issues]: The current configuration does not include the footprint library 'SamacSys_Parts'.
    ; warning
    @(1.651 mm, 1.9177 mm): Symbol K17 [VOR1003M4T]

[lib_symbol_issues]: The current configuration does not include the symbol library 'SamacSys_Parts'
    ; warning
    @(1.651 mm, 1.9177 mm): Symbol K17 [VOR1003M4T]

[footprint_link_issues]: The current configuration does not include the footprint library 'SamacSys_Parts'.
    ; warning
    @(1.8415 mm, 1.9177 mm): Symbol K18 [VOR1003M4T]

[lib_symbol_issues]: The current configuration does not include the symbol library 'SamacSys_Parts'
    ; warning
    @(1.8415 mm, 1.9177 mm): Symbol K18 [VOR1003M4T]

[footprint_link_issues]: The current configuration does not include the footprint library 'SamacSys_Parts'.
    ; warning
    @(2.032 mm, 1.9177 mm): Symbol K19 [VOR1003M4T]

[lib_symbol_issues]: The current configuration does not include the symbol library 'SamacSys_Parts'
    ; warning
    @(2.032 mm, 1.9177 mm): Symbol K19 [VOR1003M4T]

[footprint_link_issues]: The current configuration does not include the footprint library 'SamacSys_Parts'.
    ; warning
    @(2.7813 mm, 0.4826 mm): Symbol J24 [OSTOQ025450]

[lib_symbol_issues]: The current configuration does not include the symbol library 'SamacSys_Parts'
    ; warning
    @(2.7813 mm, 0.4826 mm): Symbol J24 [OSTOQ025450]

[footprint_link_issues]: The current configuration does not include the footprint library 'SamacSys_Parts'.
    ; warning
    @(2.7813 mm, 0.5842 mm): Symbol J23 [OSTOQ025450]

[lib_symbol_issues]: The current configuration does not include the symbol library 'SamacSys_Parts'
    ; warning
    @(2.7813 mm, 0.5842 mm): Symbol J23 [OSTOQ025450]

[footprint_link_issues]: The current configuration does not include the footprint library 'SamacSys_Parts'.
    ; warning
    @(2.7813 mm, 0.6858 mm): Symbol J22 [OSTOQ025450]

[lib_symbol_issues]: The current configuration does not include the symbol library 'SamacSys_Parts'
    ; warning
    @(2.7813 mm, 0.6858 mm): Symbol J22 [OSTOQ025450]

[footprint_link_issues]: The current configuration does not include the footprint library 'SamacSys_Parts'.
    ; warning
    @(2.7813 mm, 0.7874 mm): Symbol J21 [OSTOQ025450]

[lib_symbol_issues]: The current configuration does not include the symbol library 'SamacSys_Parts'
    ; warning
    @(2.7813 mm, 0.7874 mm): Symbol J21 [OSTOQ025450]

[footprint_link_issues]: The current configuration does not include the footprint library 'SamacSys_Parts'.
    ; warning
    @(2.7813 mm, 0.889 mm): Symbol J20 [OSTOQ025450]

[lib_symbol_issues]: The current configuration does not include the symbol library 'SamacSys_Parts'
    ; warning
    @(2.7813 mm, 0.889 mm): Symbol J20 [OSTOQ025450]

[footprint_link_issues]: The current configuration does not include the footprint library 'SamacSys_Parts'.
    ; warning
    @(2.7813 mm, 0.9906 mm): Symbol J19 [OSTOQ025450]

[lib_symbol_issues]: The current configuration does not include the symbol library 'SamacSys_Parts'
    ; warning
    @(2.7813 mm, 0.9906 mm): Symbol J19 [OSTOQ025450]

[footprint_link_issues]: The current configuration does not include the footprint library 'SamacSys_Parts'.
    ; warning
    @(2.2479 mm, 1.9177 mm): Symbol K20 [VOR1003M4T]

[lib_symbol_issues]: The current configuration does not include the symbol library 'SamacSys_Parts'
    ; warning
    @(2.2479 mm, 1.9177 mm): Symbol K20 [VOR1003M4T]

[footprint_link_issues]: The current configuration does not include the footprint library 'SamacSys_Parts'.
    ; warning
    @(2.7813 mm, 1.0922 mm): Symbol J18 [OSTOQ025450]

[lib_symbol_issues]: The current configuration does not include the symbol library 'SamacSys_Parts'
    ; warning
    @(2.7813 mm, 1.0922 mm): Symbol J18 [OSTOQ025450]

[footprint_link_issues]: The current configuration does not include the footprint library 'SamacSys_Parts'.
    ; warning
    @(2.7813 mm, 1.1938 mm): Symbol J17 [OSTOQ025450]

[lib_symbol_issues]: The current configuration does not include the symbol library 'SamacSys_Parts'
    ; warning
    @(2.7813 mm, 1.1938 mm): Symbol J17 [OSTOQ025450]

[footprint_link_issues]: The current configuration does not include the footprint library 'SamacSys_Parts'.
    ; warning
    @(2.7813 mm, 1.2954 mm): Symbol J16 [OSTOQ025450]

[lib_symbol_issues]: The current configuration does not include the symbol library 'SamacSys_Parts'
    ; warning
    @(2.7813 mm, 1.2954 mm): Symbol J16 [OSTOQ025450]

[footprint_link_issues]: The current configuration does not include the footprint library 'SamacSys_Parts'.
    ; warning
    @(2.7813 mm, 1.397 mm): Symbol J5 [OSTOQ025450]

[lib_symbol_issues]: The current configuration does not include the symbol library 'SamacSys_Parts'
    ; warning
    @(2.7813 mm, 1.397 mm): Symbol J5 [OSTOQ025450]

[footprint_link_issues]: The current configuration does not include the footprint library 'SamacSys_Parts'.
    ; warning
    @(3.5052 mm, 0.4826 mm): Symbol K1 [OJE-SH-105LMH,000]

[lib_symbol_issues]: The current configuration does not include the symbol library 'SamacSys_Parts'
    ; warning
    @(3.5052 mm, 0.4826 mm): Symbol K1 [OJE-SH-105LMH,000]

[footprint_link_issues]: The current configuration does not include the footprint library 'SamacSys_Parts'.
    ; warning
    @(3.5052 mm, 0.5842 mm): Symbol K2 [OJE-SH-105LMH,000]

[lib_symbol_issues]: The current configuration does not include the symbol library 'SamacSys_Parts'
    ; warning
    @(3.5052 mm, 0.5842 mm): Symbol K2 [OJE-SH-105LMH,000]

[footprint_link_issues]: The current configuration does not include the footprint library 'SamacSys_Parts'.
    ; warning
    @(3.5052 mm, 0.6858 mm): Symbol K3 [OJE-SH-105LMH,000]

[lib_symbol_issues]: The current configuration does not include the symbol library 'SamacSys_Parts'
    ; warning
    @(3.5052 mm, 0.6858 mm): Symbol K3 [OJE-SH-105LMH,000]

[footprint_link_issues]: The current configuration does not include the footprint library 'SamacSys_Parts'.
    ; warning
    @(3.5052 mm, 0.7874 mm): Symbol K4 [OJE-SH-105LMH,000]

[lib_symbol_issues]: The current configuration does not include the symbol library 'SamacSys_Parts'
    ; warning
    @(3.5052 mm, 0.7874 mm): Symbol K4 [OJE-SH-105LMH,000]

[footprint_link_issues]: The current configuration does not include the footprint library 'SamacSys_Parts'.
    ; warning
    @(3.5052 mm, 0.889 mm): Symbol K5 [OJE-SH-105LMH,000]

[lib_symbol_issues]: The current configuration does not include the symbol library 'SamacSys_Parts'
    ; warning
    @(3.5052 mm, 0.889 mm): Symbol K5 [OJE-SH-105LMH,000]

[footprint_link_issues]: The current configuration does not include the footprint library 'SamacSys_Parts'.
    ; warning
    @(3.5052 mm, 0.9906 mm): Symbol K7 [OJE-SH-105LMH,000]

[lib_symbol_issues]: The current configuration does not include the symbol library 'SamacSys_Parts'
    ; warning
    @(3.5052 mm, 0.9906 mm): Symbol K7 [OJE-SH-105LMH,000]

[footprint_link_issues]: The current configuration does not include the footprint library 'SamacSys_Parts'.
    ; warning
    @(3.5052 mm, 1.0922 mm): Symbol K9 [OJE-SH-105LMH,000]

[lib_symbol_issues]: The current configuration does not include the symbol library 'SamacSys_Parts'
    ; warning
    @(3.5052 mm, 1.0922 mm): Symbol K9 [OJE-SH-105LMH,000]

[footprint_link_issues]: The current configuration does not include the footprint library 'SamacSys_Parts'.
    ; warning
    @(3.5052 mm, 1.1938 mm): Symbol K10 [OJE-SH-105LMH,000]

[lib_symbol_issues]: The current configuration does not include the symbol library 'SamacSys_Parts'
    ; warning
    @(3.5052 mm, 1.1938 mm): Symbol K10 [OJE-SH-105LMH,000]

[footprint_link_issues]: The current configuration does not include the footprint library 'SamacSys_Parts'.
    ; warning
    @(3.5052 mm, 1.2954 mm): Symbol K6 [OJE-SH-105LMH,000]

[lib_symbol_issues]: The current configuration does not include the symbol library 'SamacSys_Parts'
    ; warning
    @(3.5052 mm, 1.2954 mm): Symbol K6 [OJE-SH-105LMH,000]

[footprint_link_issues]: The current configuration does not include the footprint library 'SamacSys_Parts'.
    ; warning
    @(3.5052 mm, 1.397 mm): Symbol K8 [OJE-SH-105LMH,000]

[lib_symbol_issues]: The current configuration does not include the symbol library 'SamacSys_Parts'
    ; warning
    @(3.5052 mm, 1.397 mm): Symbol K8 [OJE-SH-105LMH,000]

***** Sheet /Block Diagram/
***** Sheet /Project Architecture/
***** Sheet /Project Architecture/Section A - Connectors/
[multiple_net_names]: Both Ardu_5V and +5V are attached to the same items; Ardu_5V will be used in the netlist
    ; warning
    @(1.016 mm, 0.3683 mm): Global Label 'Ardu_5V'
    @(1.0922 mm, 0.3556 mm): Symbol #PWR033 Pin 1 [Power input, Line]

***** Sheet /Project Architecture/Section B - Arduino Mega/
***** Sheet /Project Architecture/Section C - LCL Selector/
***** Sheet /Revision History/
 ** ERC messages: 100  Errors 0  Warnings 100
